// Jest Snapshot v1, https://goo.gl/fbAQLP

exports[`Button 1`] = `
<View
  accessible={true}
  collapsable={false}
  focusable={false}
  nativeID="animatedComponent"
  onClick={[Function]}
  onResponderGrant={[Function]}
  onResponderMove={[Function]}
  onResponderRelease={[Function]}
  onResponderTerminate={[Function]}
  onResponderTerminationRequest={[Function]}
  onStartShouldSetResponder={[Function]}
  style={
    Object {
      "alignItems": "center",
      "backgroundColor": "#D1D1D6",
      "borderRadius": 16,
      "height": 32,
      "justifyContent": "center",
      "opacity": 1,
    }
  }
>
  <Text
    style={
      Array [
        Object {
          "color": "#000",
        },
      ]
    }
  >
    Button
  </Text>
</View>
`;
