// Jest Snapshot v1, https://goo.gl/fbAQLP

exports[`GradientHeader 1`] = `
<BVLinearGradient
  colors={
    Array [
      4293011496,
      4294937647,
    ]
  }
  endPoint={
    Object {
      "x": 1,
      "y": 0.5,
    }
  }
  locations={null}
  startPoint={
    Object {
      "x": 0,
      "y": 0.5,
    }
  }
  style={
    Array [
      Object {
        "height": 250,
        "left": "-15%",
        "top": "-10%",
        "transform": Array [
          Object {
            "rotate": "-12deg",
          },
        ],
        "width": "130%",
      },
    ]
  }
/>
`;
